Microchip MPLAB XC8 Compiler V2.40

Linker command line:

-W-3 \
  --edf=C:\Program Files\Microchip\xc8\v2.40\pic\dat\20220703182018_en.msgs \
  -cn -h+dist/default/production\pwm_detup.X.production.sym \
  --cmf=dist/default/production\pwm_detup.X.production.cmf -z -Q16F1939 \
  -oC:\Users\acer\AppData\Local\Temp\xcAsho4.4 --defsym=__MPLAB_BUILD=1 \
  --fixupoverflow=error \
  -Mdist/default/production/pwm_detup.X.production.map \
  --md=C:\Users\acer\AppData\Local\Temp\xcAsho4.dat -E1 -ver=XC8 Compiler \
  --acfsm=1493 -ACODE=00h-07FFhx8 -ASTRCODE=00h-03FFFh -ASTRING=00h-0FFhx64 \
  -ACONST=00h-0FFhx64 -AENTRY=00h-0FFhx64 -ACOMMON=070h-07Fh \
  -ABANK0=020h-06Fh -ABANK1=0A0h-0EFh -ABANK2=0120h-016Fh \
  -ABANK3=01A0h-01EFh -ABANK4=0220h-026Fh -ABANK5=02A0h-02EFh \
  -ABANK6=0320h-036Fh -ABANK7=03A0h-03EFh -ABANK8=0420h-046Fh \
  -ABANK9=04A0h-04EFh -ABANK10=0520h-056Fh -ABANK11=05A0h-05EFh \
  -ABANK12=0620h-064Fh -ABIGRAM=02000h-023EFh \
  -ARAM=020h-06Fh,0A0h-0EFh,0120h-016Fh,01A0h-01EFh,0220h-026Fh,02A0h-02EFh,0320h-036Fh,03A0h-03EFh,0420h-046Fh,04A0h-04EFh,0520h-056Fh,05A0h-05EFh,0620h-064Fh \
  -AABS1=020h-07Fh,0A0h-0EFh,0120h-016Fh,01A0h-01EFh,0220h-026Fh,02A0h-02EFh,0320h-036Fh,03A0h-03EFh,0420h-046Fh,04A0h-04EFh,0520h-056Fh,05A0h-05EFh,0620h-064Fh \
  -ASFR0=00h-01Fh -ASFR1=080h-09Fh -ASFR2=0100h-011Fh -ASFR3=0180h-019Fh \
  -ASFR4=0200h-021Fh -ASFR5=0280h-029Fh -ASFR6=0300h-031Fh \
  -ASFR7=0380h-039Fh -ASFR8=0400h-041Fh -ASFR9=0480h-049Fh \
  -ASFR10=0500h-051Fh -ASFR11=0580h-059Fh -ASFR12=0600h-061Fh \
  -ASFR13=0680h-06EFh -ASFR14=0700h-076Fh -ASFR15=0780h-07EFh \
  -ASFR16=0800h-086Fh -ASFR17=0880h-08EFh -ASFR18=0900h-096Fh \
  -ASFR19=0980h-09EFh -ASFR20=0A00h-0A6Fh -ASFR21=0A80h-0AEFh \
  -ASFR22=0B00h-0B6Fh -ASFR23=0B80h-0BEFh -ASFR24=0C00h-0C6Fh \
  -ASFR25=0C80h-0CEFh -ASFR26=0D00h-0D6Fh -ASFR27=0D80h-0DEFh \
  -ASFR28=0E00h-0E6Fh -ASFR29=0E80h-0EEFh -ASFR30=0F00h-0F6Fh \
  -ASFR31=0F80h-0FEFh -ACONFIG=08007h-08008h -DCONFIG=2 \
  -AIDLOC=08000h-08003h -DIDLOC=2 -AEEDATA=00h-0FFh/0F000h \
  -peeprom_data=EEDATA -DEEDATA=2 -DCODE=2 -DSTRCODE=2 -DSTRING=2 -DCONST=2 \
  -DENTRY=2 -preset_vec=00h,intentry=04h,init,end_init -ppowerup=CODE \
  -pcinit=CODE -pfunctab=ENTRY -k \
  C:\Users\acer\AppData\Local\Temp\xcAsho4.o \
  dist/default/production\pwm_detup.X.production.o 

Object code version is 3.11

Machine type is 16F1939



                Name                               Link     Load   Length Selector   Space Scale
C:\Users\acer\AppData\Local\Temp\xcAsho4.o
                end_init                             6B       6B        2        8       0
                reset_vec                             0        0        2        0       0
                config                             8007     8007        2        0       4
                idloc                              8000     8000        4        0       5
dist/default/production\pwm_detup.X.production.o
                cinit                                6D       6D       23        8       0
                intentry                              4        4       67        8       0
                config                             8007     8007        2        0       4
                idloc                              8000     8000        4        0       5
                text14                              E33      E33       AA     1C66       0
                text13                              D09      D09       23     1A12       0
                text12                              363      363      23B        8       0
                text10                              DA8      DA8       8B     1B50       0
                text9                               7CE      7CE       24        8       0
                text8                                90       90      2D3        8       0
                text7                               59E      59E      208        8       0
                text6                               CE9      CE9       20     19D2       0
                text5                               D2C      D2C       7C     1A58       0
                text4                               CD2      CD2       17     19A4       0
                text3                               7F2      7F2        B        8       0
                text2                               7A6      7A6       28        8       0
                text1                               CBC      CBC       16     1978       0
                maintext                            EDD      EDD      123     1DBA       0
                cstackBANK0                          20       20       2F       20       1
                cstackCOMMON                         70       70        E       70       1
                cstackBANK1                          A0       A0       35       A0       1
                clrtext                             CB6      CB6        6     196C       0
                dataBANK1                            EA       EA        4       A0       1
                bssBANK1                             D5       D5       15       A0       1
                dataBANK0                            50       50        1       20       1
                bssBANK0                             4F       4F        1       20       1
                stringtext4                        1008     1008        4     2000       0
                stringtext3                        100C     100C        1     2000       0
                stringtext2                        1004     1004        4     2000       0
                stringtext1                        1000     1000        4     2000       0
                idataBANK1                          CB2      CB2        4     1964       0
                idataBANK0                          7FD      7FD        1        8       0

TOTAL           Name                               Link     Load   Length     Space
        CLASS   CODE           
                end_init                             6B       6B        2         0
                cinit                                6D       6D       23         0
                intentry                              4        4       67         0
                reset_vec                             0        0        2         0
                text14                              E33      E33       AA         0
                text13                              D09      D09       23         0
                text12                              363      363      23B         0
                text10                              DA8      DA8       8B         0
                text9                               7CE      7CE       24         0
                text8                                90       90      2D3         0
                text7                               59E      59E      208         0
                text6                               CE9      CE9       20         0
                text5                               D2C      D2C       7C         0
                text4                               CD2      CD2       17         0
                text3                               7F2      7F2        B         0
                text2                               7A6      7A6       28         0
                text1                               CBC      CBC       16         0
                maintext                            EDD      EDD      123         0
                clrtext                             CB6      CB6        6         0
                idataBANK1                          CB2      CB2        4         0
                idataBANK0                          7FD      7FD        1         0

        CLASS   STRCODE        
                stringtext4                        1008     1008        4         0
                stringtext3                        100C     100C        1         0
                stringtext2                        1004     1004        4         0
                stringtext1                        1000     1000        4         0

        CLASS   STRING         

        CLASS   CONST          

        CLASS   ENTRY          

        CLASS   COMMON         
                cstackCOMMON                         70       70        E         1

        CLASS   BANK0          
                cstackBANK0                          20       20       2F         1
                dataBANK0                            50       50        1         1
                bssBANK0                             4F       4F        1         1

        CLASS   BANK1          
                cstackBANK1                          A0       A0       35         1
                dataBANK1                            EA       EA        4         1
                bssBANK1                             D5       D5       15         1

        CLASS   BANK2          

        CLASS   BANK3          

        CLASS   BANK4          

        CLASS   BANK5          

        CLASS   BANK6          

        CLASS   BANK7          

        CLASS   BANK8          

        CLASS   BANK9          

        CLASS   BANK10         

        CLASS   BANK11         

        CLASS   BANK12         

        CLASS   BIGRAM         

        CLASS   RAM            

        CLASS   ABS1           
                abs_s1                               7E       7E        2         1

        CLASS   SFR0           

        CLASS   SFR1           

        CLASS   SFR2           

        CLASS   SFR3           

        CLASS   SFR4           

        CLASS   SFR5           

        CLASS   SFR6           

        CLASS   SFR7           

        CLASS   SFR8           

        CLASS   SFR9           

        CLASS   SFR10          

        CLASS   SFR11          

        CLASS   SFR12          

        CLASS   SFR13          

        CLASS   SFR14          

        CLASS   SFR15          

        CLASS   SFR16          

        CLASS   SFR17          

        CLASS   SFR18          

        CLASS   SFR19          

        CLASS   SFR20          

        CLASS   SFR21          

        CLASS   SFR22          

        CLASS   SFR23          

        CLASS   SFR24          

        CLASS   SFR25          

        CLASS   SFR26          

        CLASS   SFR27          

        CLASS   SFR28          

        CLASS   SFR29          

        CLASS   SFR30          

        CLASS   SFR31          

        CLASS   CONFIG         
                config                             8007     8007        2         4

        CLASS   IDLOC          
                idloc                              8000     8000        4         5

        CLASS   EEDATA         

        CLASS   BANK31         

        CLASS   BANK30         

        CLASS   BANK29         

        CLASS   BANK28         

        CLASS   BANK27         

        CLASS   BANK26         

        CLASS   BANK25         

        CLASS   BANK24         

        CLASS   BANK23         

        CLASS   BANK22         

        CLASS   BANK21         

        CLASS   BANK20         

        CLASS   BANK19         

        CLASS   BANK18         

        CLASS   BANK17         

        CLASS   BANK16         

        CLASS   BANK15         

        CLASS   BANK14         

        CLASS   BANK13         

        CLASS   HEAP           

        CLASS   STACK          



SEGMENTS        Name                           Load    Length   Top    Selector   Space  Class     Delta

                reset_vec                      000000  000002  000002         0       0  CODE        2
                intentry                       000004  0007FA  0007FE         8       0  CODE        2
                cstackBANK0                    000020  000031  000051        20       1  BANK0       1
                cstackCOMMON                   000070  00000E  00007E        70       1  COMMON      1
                cstackBANK1                    0000A0  00004E  0000EE        A0       1  BANK1       1
                idataBANK1                     000CB2  000004  000CB6      1964       0  CODE        2
                clrtext                        000CB6  000006  000CBC      196C       0  CODE        2
                text1                          000CBC  000016  000CD2      1978       0  CODE        2
                text4                          000CD2  000017  000CE9      19A4       0  CODE        2
                text6                          000CE9  000020  000D09      19D2       0  CODE        2
                text13                         000D09  000023  000D2C      1A12       0  CODE        2
                text5                          000D2C  00007C  000DA8      1A58       0  CODE        2
                text10                         000DA8  00008B  000E33      1B50       0  CODE        2
                text14                         000E33  0000AA  000EDD      1C66       0  CODE        2
                maintext                       000EDD  000123  001000      1DBA       0  CODE        2
                stringtext1                    001000  00000D  00100D      2000       0  STRCODE     2


UNUSED ADDRESS RANGES

        Name                Unused          Largest block    Delta
        BANK0            00051-0006F              1F           1
        BANK1            000EE-000EF               2           1
        BANK10           00520-0056F              50           1
        BANK11           005A0-005EF              50           1
        BANK12           00620-0064F              30           1
        BANK2            00120-0016F              50           1
        BANK3            001A0-001EF              50           1
        BANK4            00220-0026F              50           1
        BANK5            002A0-002EF              50           1
        BANK6            00320-0036F              50           1
        BANK7            003A0-003EF              50           1
        BANK8            00420-0046F              50           1
        BANK9            004A0-004EF              50           1
        BIGRAM           02000-023EF             3F0           1
        CODE             00002-00003               2           2
                         007FE-00CB1               2
                         0100D-03FFF             800
        CONST            00002-00003               2           2
                         007FE-00CB1             100
                         0100D-03FFF             100
        EEDATA           0F000-0F0FF             100           2
        ENTRY            00002-00003               2           2
                         007FE-00CB1             100
                         0100D-03FFF             100
        RAM              00051-0006F              1F           1
                         000EE-000EF               2
                         00120-0016F              50
                         001A0-001EF              50
                         00220-0026F              50
                         002A0-002EF              50
                         00320-0036F              50
                         003A0-003EF              50
                         00420-0046F              50
                         004A0-004EF              50
                         00520-0056F              50
                         005A0-005EF              50
                         00620-0064F              30
        SFR0             00000-0001F              20           1
        SFR1             00080-0009F              20           1
        SFR10            00500-0051F              20           1
        SFR11            00580-0059F              20           1
        SFR12            00600-0061F              20           1
        SFR13            00680-006EF              70           1
        SFR14            00700-0076F              70           1
        SFR15            00780-007EF              70           1
        SFR16            00800-0086F              70           1
        SFR17            00880-008EF              70           1
        SFR18            00900-0096F              70           1
        SFR19            00980-009EF              70           1
        SFR2             00100-0011F              20           1
        SFR20            00A00-00A6F              70           1
        SFR21            00A80-00AEF              70           1
        SFR22            00B00-00B6F              70           1
        SFR23            00B80-00BEF              70           1
        SFR24            00C00-00C6F              70           1
        SFR25            00C80-00CEF              70           1
        SFR26            00D00-00D6F              70           1
        SFR27            00D80-00DEF              70           1
        SFR28            00E00-00E6F              70           1
        SFR29            00E80-00EEF              70           1
        SFR3             00180-0019F              20           1
        SFR30            00F00-00F6F              70           1
        SFR31            00F80-00FEF              70           1
        SFR4             00200-0021F              20           1
        SFR5             00280-0029F              20           1
        SFR6             00300-0031F              20           1
        SFR7             00380-0039F              20           1
        SFR8             00400-0041F              20           1
        SFR9             00480-0049F              20           1
        STRCODE          00002-00003               2           2
                         007FE-00CB1             4B4
                         0100D-03FFF            2FF3
        STRING           00002-00003               2           2
                         007FE-00CB1             100
                         0100D-03FFF             100

                                  Symbol Table

?__Umul8_16               cstackBANK0  0003F
?___fladd                 cstackBANK1  000B5
?___flmul                 cstackBANK1  000A0
?___flsub                 cstackBANK1  000C9
?___fltol                 cstackBANK1  000B5
?___xxtofl                cstackCOMMON 00070
?i1__Umul8_16             cstackCOMMON 00070
?i1___flmul               cstackBANK0  00020
_ADCON0bits               (abs)        0009D
_ADCON1bits               (abs)        0009E
_ADRESH                   (abs)        0009C
_ADRESL                   (abs)        0009B
_ANSELA                   (abs)        0018C
_ANSELB                   (abs)        0018D
_CCP2CONbits              (abs)        0029A
_CCPR2L                   (abs)        00298
_INTCONbits               (abs)        0000B
_LATC                     (abs)        0010E
_OPTION_REGbits           (abs)        00095
_PIE1bits                 (abs)        00091
_PIR1bits                 (abs)        00011
_PORTB                    (abs)        0000D
_PR2                      (abs)        0001B
_T2CONbits                (abs)        0001C
_TMR0                     (abs)        00015
_TRISA                    (abs)        0008C
_TRISB                    (abs)        0008D
_TRISC                    (abs)        0008E
__Habs1                   abs1         00000
__Hbank0                  bank0        00000
__Hbank1                  bank1        00000
__Hbank10                 bank10       00000
__Hbank11                 bank11       00000
__Hbank12                 bank12       00000
__Hbank13                 bank13       00000
__Hbank14                 bank14       00000
__Hbank15                 bank15       00000
__Hbank16                 bank16       00000
__Hbank17                 bank17       00000
__Hbank18                 bank18       00000
__Hbank19                 bank19       00000
__Hbank2                  bank2        00000
__Hbank20                 bank20       00000
__Hbank21                 bank21       00000
__Hbank22                 bank22       00000
__Hbank23                 bank23       00000
__Hbank24                 bank24       00000
__Hbank25                 bank25       00000
__Hbank26                 bank26       00000
__Hbank27                 bank27       00000
__Hbank28                 bank28       00000
__Hbank29                 bank29       00000
__Hbank3                  bank3        00000
__Hbank30                 bank30       00000
__Hbank31                 bank31       00000
__Hbank4                  bank4        00000
__Hbank5                  bank5        00000
__Hbank6                  bank6        00000
__Hbank7                  bank7        00000
__Hbank8                  bank8        00000
__Hbank9                  bank9        00000
__Hbigram                 bigram       00000
__HbssBANK0               bssBANK0     00000
__HbssBANK1               bssBANK1     00000
__Hcinit                  cinit        00090
__Hclrtext                clrtext      00000
__Hcode                   code         00000
__Hcommon                 common       00000
__Hconfig                 config       08009
__HcstackBANK0            cstackBANK0  00000
__HcstackBANK1            cstackBANK1  00000
__HcstackCOMMON           cstackCOMMON 00000
__HdataBANK0              dataBANK0    00000
__HdataBANK1              dataBANK1    00000
__Heeprom_data            eeprom_data  00000
__Hend_init               end_init     0006D
__Hfunctab                functab      00000
__Hheap                   heap         00000
__HidataBANK0             idataBANK0   00000
__HidataBANK1             idataBANK1   00000
__Hidloc                  idloc        08004
__Hinit                   init         0006B
__Hintentry               intentry     0006B
__Hmaintext               maintext     00000
__Hpowerup                powerup      00000
__Hram                    ram          00000
__Hreset_vec              reset_vec    00002
__Hsfr0                   sfr0         00000
__Hsfr1                   sfr1         00000
__Hsfr10                  sfr10        00000
__Hsfr11                  sfr11        00000
__Hsfr12                  sfr12        00000
__Hsfr13                  sfr13        00000
__Hsfr14                  sfr14        00000
__Hsfr15                  sfr15        00000
__Hsfr16                  sfr16        00000
__Hsfr17                  sfr17        00000
__Hsfr18                  sfr18        00000
__Hsfr19                  sfr19        00000
__Hsfr2                   sfr2         00000
__Hsfr20                  sfr20        00000
__Hsfr21                  sfr21        00000
__Hsfr22                  sfr22        00000
__Hsfr23                  sfr23        00000
__Hsfr24                  sfr24        00000
__Hsfr25                  sfr25        00000
__Hsfr26                  sfr26        00000
__Hsfr27                  sfr27        00000
__Hsfr28                  sfr28        00000
__Hsfr29                  sfr29        00000
__Hsfr3                   sfr3         00000
__Hsfr30                  sfr30        00000
__Hsfr31                  sfr31        00000
__Hsfr4                   sfr4         00000
__Hsfr5                   sfr5         00000
__Hsfr6                   sfr6         00000
__Hsfr7                   sfr7         00000
__Hsfr8                   sfr8         00000
__Hsfr9                   sfr9         00000
__Hspace_0                (abs)        0100D
__Hspace_1                (abs)        000EE
__Hspace_2                (abs)        00000
__Hspace_3                (abs)        00000
__Hspace_4                (abs)        10010
__Hstack                  stack        00000
__Hstrings                strings      00000
__Hstringtext1            stringtext1  00000
__Hstringtext2            stringtext2  00000
__Hstringtext3            stringtext3  00000
__Hstringtext4            stringtext4  00000
__Htext                   text         00000
__Labs1                   abs1         00000
__Lbank0                  bank0        00000
__Lbank1                  bank1        00000
__Lbank10                 bank10       00000
__Lbank11                 bank11       00000
__Lbank12                 bank12       00000
__Lbank13                 bank13       00000
__Lbank14                 bank14       00000
__Lbank15                 bank15       00000
__Lbank16                 bank16       00000
__Lbank17                 bank17       00000
__Lbank18                 bank18       00000
__Lbank19                 bank19       00000
__Lbank2                  bank2        00000
__Lbank20                 bank20       00000
__Lbank21                 bank21       00000
__Lbank22                 bank22       00000
__Lbank23                 bank23       00000
__Lbank24                 bank24       00000
__Lbank25                 bank25       00000
__Lbank26                 bank26       00000
__Lbank27                 bank27       00000
__Lbank28                 bank28       00000
__Lbank29                 bank29       00000
__Lbank3                  bank3        00000
__Lbank30                 bank30       00000
__Lbank31                 bank31       00000
__Lbank4                  bank4        00000
__Lbank5                  bank5        00000
__Lbank6                  bank6        00000
__Lbank7                  bank7        00000
__Lbank8                  bank8        00000
__Lbank9                  bank9        00000
__Lbigram                 bigram       00000
__LbssBANK0               bssBANK0     00000
__LbssBANK1               bssBANK1     00000
__Lcinit                  cinit        0006D
__Lclrtext                clrtext      00000
__Lcode                   code         00000
__Lcommon                 common       00000
__Lconfig                 config       00000
__LcstackBANK0            cstackBANK0  00000
__LcstackBANK1            cstackBANK1  00000
__LcstackCOMMON           cstackCOMMON 00000
__LdataBANK0              dataBANK0    00000
__LdataBANK1              dataBANK1    00000
__Leeprom_data            eeprom_data  00000
__Lend_init               end_init     0006B
__Lfunctab                functab      00000
__Lheap                   heap         00000
__LidataBANK0             idataBANK0   00000
__LidataBANK1             idataBANK1   00000
__Lidloc                  idloc        00000
__Linit                   init         0006B
__Lintentry               intentry     00004
__Lmaintext               maintext     00000
__Lpowerup                powerup      00000
__Lram                    ram          00000
__Lreset_vec              reset_vec    00000
__Lsfr0                   sfr0         00000
__Lsfr1                   sfr1         00000
__Lsfr10                  sfr10        00000
__Lsfr11                  sfr11        00000
__Lsfr12                  sfr12        00000
__Lsfr13                  sfr13        00000
__Lsfr14                  sfr14        00000
__Lsfr15                  sfr15        00000
__Lsfr16                  sfr16        00000
__Lsfr17                  sfr17        00000
__Lsfr18                  sfr18        00000
__Lsfr19                  sfr19        00000
__Lsfr2                   sfr2         00000
__Lsfr20                  sfr20        00000
__Lsfr21                  sfr21        00000
__Lsfr22                  sfr22        00000
__Lsfr23                  sfr23        00000
__Lsfr24                  sfr24        00000
__Lsfr25                  sfr25        00000
__Lsfr26                  sfr26        00000
__Lsfr27                  sfr27        00000
__Lsfr28                  sfr28        00000
__Lsfr29                  sfr29        00000
__Lsfr3                   sfr3         00000
__Lsfr30                  sfr30        00000
__Lsfr31                  sfr31        00000
__Lsfr4                   sfr4         00000
__Lsfr5                   sfr5         00000
__Lsfr6                   sfr6         00000
__Lsfr7                   sfr7         00000
__Lsfr8                   sfr8         00000
__Lsfr9                   sfr9         00000
__Lspace_0                (abs)        00000
__Lspace_1                (abs)        00000
__Lspace_2                (abs)        00000
__Lspace_3                (abs)        00000
__Lspace_4                (abs)        00000
__Lstack                  stack        00000
__Lstrings                strings      00000
__Lstringtext1            stringtext1  00000
__Lstringtext2            stringtext2  00000
__Lstringtext3            stringtext3  00000
__Lstringtext4            stringtext4  00000
__Ltext                   text         00000
__S0                      (abs)        0100D
__S1                      (abs)        000EE
__S3                      (abs)        00000
__Umul8_16                text9        007CE
__Umul8_16@multiplicand   cstackBANK0  0003F
__Umul8_16@multiplier     cstackBANK0  00047
__Umul8_16@product        cstackBANK0  00043
__Umul8_16@word_mpld      cstackBANK0  00045
___fladd                  text7        0059E
___fladd@a                cstackBANK1  000B9
___fladd@aexp             cstackBANK1  000C6
___fladd@b                cstackBANK1  000B5
___fladd@bexp             cstackBANK1  000C7
___fladd@grs              cstackBANK1  000C8
___fladd@signs            cstackBANK1  000C5
___flge                   text10       00DA8
___flge@ff1               cstackBANK0  0003F
___flge@ff2               cstackBANK0  00043
___flmul                  text8        00090
___flmul@a                cstackBANK1  000A4
___flmul@aexp             cstackBANK1  000A9
___flmul@b                cstackBANK1  000A0
___flmul@bexp             cstackBANK1  000AE
___flmul@grs              cstackBANK1  000AA
___flmul@prod             cstackBANK1  000AF
___flmul@sign             cstackBANK1  000A8
___flmul@temp             cstackBANK1  000B3
___flsub                  text6        00CE9
___flsub@a                cstackBANK1  000C9
___flsub@b                cstackBANK1  000CD
___fltol                  text5        00D2C
___fltol@exp1             cstackBANK0  0004E
___fltol@f1               cstackBANK1  000B5
___fltol@sign1            cstackBANK0  0004D
___heap_hi                (abs)        00000
___heap_lo                (abs)        00000
___int_sp                 stack        00000
___latbits                (abs)        00003
___sp                     stack        00000
___stackhi                (abs)        00000
___stacklo                (abs)        00000
___xxtofl                 text14       00E33
___xxtofl@arg             cstackCOMMON 0007A
___xxtofl@exp             cstackCOMMON 00079
___xxtofl@sign            cstackCOMMON 00078
___xxtofl@val             cstackCOMMON 00070
__end_of__Umul8_16        text9        007F2
__end_of___fladd          text7        007A6
__end_of___flge           text10       00E33
__end_of___flmul          text8        00363
__end_of___flsub          text6        00D09
__end_of___fltol          text5        00DA8
__end_of___xxtofl         text14       00EDD
__end_of__initialization  cinit        0008C
__end_of_a1               stringtext2  01008
__end_of_a2               stringtext1  01004
__end_of_function         intentry     0006B
__end_of_initAnalog       text4        00CE9
__end_of_initDutyCycle    text2        007CE
__end_of_initTimer        text3        007FD
__end_of_koe              stringtext4  0100C
__end_of_main             maintext     01000
__end_of_preload          stringtext3  0100D
__end_of_setupPWM         text1        00CD2
__end_ofi1__Umul8_16      text13       00D2C
__end_ofi1___flmul        text12       0059E
__initialization          cinit        0006D
__pbssBANK0               bssBANK0     0004F
__pbssBANK1               bssBANK1     000D5
__pcstackBANK0            cstackBANK0  00020
__pcstackBANK1            cstackBANK1  000A0
__pcstackCOMMON           cstackCOMMON 00070
__pdataBANK0              dataBANK0    00050
__pdataBANK1              dataBANK1    000EA
__pidataBANK0             idataBANK0   007FD
__pidataBANK1             idataBANK1   00CB2
__pintentry               intentry     00004
__pmaintext               maintext     00EDD
__pstringtext1            stringtext1  01000
__pstringtext2            stringtext2  01004
__pstringtext3            stringtext3  0100C
__pstringtext4            stringtext4  01008
__ptext1                  text1        00CBC
__ptext10                 text10       00DA8
__ptext12                 text12       00363
__ptext13                 text13       00D09
__ptext14                 text14       00E33
__ptext2                  text2        007A6
__ptext3                  text3        007F2
__ptext4                  text4        00CD2
__ptext5                  text5        00D2C
__ptext6                  text6        00CE9
__ptext7                  text7        0059E
__ptext8                  text8        00090
__ptext9                  text9        007CE
_e                        bssBANK1     000D9
_e1                       bssBANK1     000DD
_function                 intentry     00004
_initAnalog               text4        00CD2
_initDutyCycle            text2        007A6
_initTimer                text3        007F2
_main                     maintext     00EDD
_main$988                 cstackBANK1  000D1
_ready                    bssBANK1     000E9
_setupPWM                 text1        00CBC
_voltage                  bssBANK1     000E5
_y                        bssBANK1     000D5
_y1                       bssBANK1     000E1
btemp                     (abs)        0007E
clear_ram0                clrtext      00CB6
end_of_initialization     cinit        0008C
i1__Umul8_16              text13       00D09
i1__Umul8_16@multiplicand cstackCOMMON 00070
i1__Umul8_16@multiplier   cstackCOMMON 00078
i1__Umul8_16@product      cstackCOMMON 00074
i1__Umul8_16@word_mpld    cstackCOMMON 00076
i1___flmul                text12       00363
i1___flmul@a              cstackBANK0  00024
i1___flmul@aexp           cstackBANK0  00032
i1___flmul@b              cstackBANK0  00020
i1___flmul@bexp           cstackBANK0  00033
i1___flmul@grs            cstackBANK0  0002E
i1___flmul@prod           cstackBANK0  00034
i1___flmul@sign           cstackBANK0  0002D
i1___flmul@temp           cstackBANK0  00038
initDutyCycle@d           cstackBANK1  000BD
int$flags                 (abs)        0007E
intlevel0                 functab      00000
intlevel1                 functab      00000
intlevel2                 functab      00000
intlevel3                 functab      00000
intlevel4                 functab      00000
intlevel5                 functab      00000
reset_vec                 reset_vec    00000
start                     init         0006B
start_initialization      cinit        0006D
wtemp0                    (abs)        0007E


MODULE INFORMATION

Module		Function		Class		Link	Load	Size
C:\Program Files\Microchip\xc8\v2.40\pic\sources\c99\common\sprcmul.c
		___flmul       		CODE           	0090	0000	723

C:\Program Files\Microchip\xc8\v2.40\pic\sources\c99\common\sprcmul.c estimated size: 723

C:\Program Files\Microchip\xc8\v2.40\pic\sources\c99\common\fltol.c
		___fltol       		CODE           	0D2C	0000	124

C:\Program Files\Microchip\xc8\v2.40\pic\sources\c99\common\fltol.c estimated size: 124

C:\Program Files\Microchip\xc8\v2.40\pic\sources\c99\common\sprcadd.c
		___flsub       		CODE           	0CE9	0000	32
		___fladd       		CODE           	059E	0000	520

C:\Program Files\Microchip\xc8\v2.40\pic\sources\c99\common\sprcadd.c estimated size: 552

C:\Program Files\Microchip\xc8\v2.40\pic\sources\c99\common\xxtofl.c
		___xxtofl      		CODE           	0E33	0000	170

C:\Program Files\Microchip\xc8\v2.40\pic\sources\c99\common\xxtofl.c estimated size: 170

shared
		_a1            		STRCODE        	0000	0000	0
		_a2            		STRCODE        	0000	0000	0
		i1__Umul8_16   		CODE           	0D09	0000	35
		__initialization		CODE           	006D	0000	31
		_preload       		STRCODE        	0000	0000	0
		i1___flmul     		CODE           	0363	0000	571
		_koe           		STRCODE        	0000	0000	0

shared estimated size: 637

C:\Program Files\Microchip\xc8\v2.40\pic\sources\c99\common\flge.c
		___flge        		CODE           	0DA8	0000	139

C:\Program Files\Microchip\xc8\v2.40\pic\sources\c99\common\flge.c estimated size: 139

C:\Program Files\Microchip\xc8\v2.40\pic\sources\c99\common\Umul8_16.c
		__Umul8_16     		CODE           	07CE	0000	36

C:\Program Files\Microchip\xc8\v2.40\pic\sources\c99\common\Umul8_16.c estimated size: 36

main.c
		_setupPWM      		CODE           	0CBC	0000	22
		_main          		CODE           	0EDD	0000	291
		_function      		CODE           	0004	0000	103
		_initTimer     		CODE           	07F2	0000	11
		_initAnalog    		CODE           	0CD2	0000	23
		_initDutyCycle 		CODE           	07A6	0000	40

main.c estimated size: 490

